[    1729ms] [INFO] %cDownload the React DevTools for a better development experience: https://react.dev/link/react-devtools font-weight:bold @ http://localhost:3000/node_modules/.vite/deps/react-dom_client.js?v=73f685e7:14335
[    1790ms] [WARNING] Module "path" has been externalized for browser compatibility. Cannot access "path.isAbsolute" in client code. See https://vite.dev/guide/troubleshooting.html#module-externalized-for-browser-compatibility for more details. @ http://localhost:3000/node_modules/.vite/deps/sanitize-html.js?v=c92735b4:7873
[    1790ms] [WARNING] Module "path" has been externalized for browser compatibility. Cannot access "path.resolve" in client code. See https://vite.dev/guide/troubleshooting.html#module-externalized-for-browser-compatibility for more details. @ http://localhost:3000/node_modules/.vite/deps/sanitize-html.js?v=c92735b4:7873
[    1790ms] [WARNING] Module "source-map-js" has been externalized for browser compatibility. Cannot access "source-map-js.SourceMapConsumer" in client code. See https://vite.dev/guide/troubleshooting.html#module-externalized-for-browser-compatibility for more details. @ http://localhost:3000/node_modules/.vite/deps/sanitize-html.js?v=c92735b4:7880
[    1790ms] [WARNING] Module "source-map-js" has been externalized for browser compatibility. Cannot access "source-map-js.SourceMapGenerator" in client code. See https://vite.dev/guide/troubleshooting.html#module-externalized-for-browser-compatibility for more details. @ http://localhost:3000/node_modules/.vite/deps/sanitize-html.js?v=c92735b4:7880
[    1790ms] [WARNING] Module "url" has been externalized for browser compatibility. Cannot access "url.fileURLToPath" in client code. See https://vite.dev/guide/troubleshooting.html#module-externalized-for-browser-compatibility for more details. @ http://localhost:3000/node_modules/.vite/deps/sanitize-html.js?v=c92735b4:7887
[    1790ms] [WARNING] Module "url" has been externalized for browser compatibility. Cannot access "url.pathToFileURL" in client code. See https://vite.dev/guide/troubleshooting.html#module-externalized-for-browser-compatibility for more details. @ http://localhost:3000/node_modules/.vite/deps/sanitize-html.js?v=c92735b4:7887
[    1791ms] [WARNING] Module "fs" has been externalized for browser compatibility. Cannot access "fs.existsSync" in client code. See https://vite.dev/guide/troubleshooting.html#module-externalized-for-browser-compatibility for more details. @ http://localhost:3000/node_modules/.vite/deps/sanitize-html.js?v=c92735b4:7894
[    1791ms] [WARNING] Module "fs" has been externalized for browser compatibility. Cannot access "fs.readFileSync" in client code. See https://vite.dev/guide/troubleshooting.html#module-externalized-for-browser-compatibility for more details. @ http://localhost:3000/node_modules/.vite/deps/sanitize-html.js?v=c92735b4:7894
[    1791ms] [WARNING] Module "path" has been externalized for browser compatibility. Cannot access "path.dirname" in client code. See https://vite.dev/guide/troubleshooting.html#module-externalized-for-browser-compatibility for more details. @ http://localhost:3000/node_modules/.vite/deps/sanitize-html.js?v=c92735b4:7873
[    1791ms] [WARNING] Module "path" has been externalized for browser compatibility. Cannot access "path.join" in client code. See https://vite.dev/guide/troubleshooting.html#module-externalized-for-browser-compatibility for more details. @ http://localhost:3000/node_modules/.vite/deps/sanitize-html.js?v=c92735b4:7873
[    1791ms] [WARNING] Module "source-map-js" has been externalized for browser compatibility. Cannot access "source-map-js.SourceMapConsumer" in client code. See https://vite.dev/guide/troubleshooting.html#module-externalized-for-browser-compatibility for more details. @ http://localhost:3000/node_modules/.vite/deps/sanitize-html.js?v=c92735b4:7880
[    1791ms] [WARNING] Module "source-map-js" has been externalized for browser compatibility. Cannot access "source-map-js.SourceMapGenerator" in client code. See https://vite.dev/guide/troubleshooting.html#module-externalized-for-browser-compatibility for more details. @ http://localhost:3000/node_modules/.vite/deps/sanitize-html.js?v=c92735b4:7880
[    1792ms] [WARNING] Module "path" has been externalized for browser compatibility. Cannot access "path.dirname" in client code. See https://vite.dev/guide/troubleshooting.html#module-externalized-for-browser-compatibility for more details. @ http://localhost:3000/node_modules/.vite/deps/sanitize-html.js?v=c92735b4:7873
[    1792ms] [WARNING] Module "path" has been externalized for browser compatibility. Cannot access "path.relative" in client code. See https://vite.dev/guide/troubleshooting.html#module-externalized-for-browser-compatibility for more details. @ http://localhost:3000/node_modules/.vite/deps/sanitize-html.js?v=c92735b4:7873
[    1792ms] [WARNING] Module "path" has been externalized for browser compatibility. Cannot access "path.resolve" in client code. See https://vite.dev/guide/troubleshooting.html#module-externalized-for-browser-compatibility for more details. @ http://localhost:3000/node_modules/.vite/deps/sanitize-html.js?v=c92735b4:7873
[    1792ms] [WARNING] Module "path" has been externalized for browser compatibility. Cannot access "path.sep" in client code. See https://vite.dev/guide/troubleshooting.html#module-externalized-for-browser-compatibility for more details. @ http://localhost:3000/node_modules/.vite/deps/sanitize-html.js?v=c92735b4:7873
[    1792ms] [WARNING] Module "source-map-js" has been externalized for browser compatibility. Cannot access "source-map-js.SourceMapConsumer" in client code. See https://vite.dev/guide/troubleshooting.html#module-externalized-for-browser-compatibility for more details. @ http://localhost:3000/node_modules/.vite/deps/sanitize-html.js?v=c92735b4:7880
[    1792ms] [WARNING] Module "source-map-js" has been externalized for browser compatibility. Cannot access "source-map-js.SourceMapGenerator" in client code. See https://vite.dev/guide/troubleshooting.html#module-externalized-for-browser-compatibility for more details. @ http://localhost:3000/node_modules/.vite/deps/sanitize-html.js?v=c92735b4:7880
[    1792ms] [WARNING] Module "url" has been externalized for browser compatibility. Cannot access "url.pathToFileURL" in client code. See https://vite.dev/guide/troubleshooting.html#module-externalized-for-browser-compatibility for more details. @ http://localhost:3000/node_modules/.vite/deps/sanitize-html.js?v=c92735b4:7887
[    1800ms] TypeError: Cannot use 'in' operator to search for 'Symbol(TSS_SERVER_FUNCTION_FACTORY)' in undefined
    at http://localhost:3000/node_modules/@tanstack/start-client-core/dist/esm/createServerFn.js?v=73f685e7:23:37
    at Array.map (<anonymous>)
    at fun.middleware (http://localhost:3000/node_modules/@tanstack/start-client-core/dist/esm/createServerFn.js?v=73f685e7:22:15)
    at http://localhost:3000/src/components/layout/footer/newslatter.tsx:21:69
[   67155ms] [INFO] %cDownload the React DevTools for a better development experience: https://react.dev/link/react-devtools font-weight:bold @ http://localhost:3000/node_modules/.vite/deps/react-dom_client.js?v=73f685e7:14335
[   67206ms] [WARNING] Module "path" has been externalized for browser compatibility. Cannot access "path.isAbsolute" in client code. See https://vite.dev/guide/troubleshooting.html#module-externalized-for-browser-compatibility for more details. @ http://localhost:3000/node_modules/.vite/deps/sanitize-html.js?v=c92735b4:7873
[   67206ms] [WARNING] Module "path" has been externalized for browser compatibility. Cannot access "path.resolve" in client code. See https://vite.dev/guide/troubleshooting.html#module-externalized-for-browser-compatibility for more details. @ http://localhost:3000/node_modules/.vite/deps/sanitize-html.js?v=c92735b4:7873
[   67206ms] [WARNING] Module "source-map-js" has been externalized for browser compatibility. Cannot access "source-map-js.SourceMapConsumer" in client code. See https://vite.dev/guide/troubleshooting.html#module-externalized-for-browser-compatibility for more details. @ http://localhost:3000/node_modules/.vite/deps/sanitize-html.js?v=c92735b4:7880
[   67206ms] [WARNING] Module "source-map-js" has been externalized for browser compatibility. Cannot access "source-map-js.SourceMapGenerator" in client code. See https://vite.dev/guide/troubleshooting.html#module-externalized-for-browser-compatibility for more details. @ http://localhost:3000/node_modules/.vite/deps/sanitize-html.js?v=c92735b4:7880
[   67206ms] [WARNING] Module "url" has been externalized for browser compatibility. Cannot access "url.fileURLToPath" in client code. See https://vite.dev/guide/troubleshooting.html#module-externalized-for-browser-compatibility for more details. @ http://localhost:3000/node_modules/.vite/deps/sanitize-html.js?v=c92735b4:7887
[   67206ms] [WARNING] Module "url" has been externalized for browser compatibility. Cannot access "url.pathToFileURL" in client code. See https://vite.dev/guide/troubleshooting.html#module-externalized-for-browser-compatibility for more details. @ http://localhost:3000/node_modules/.vite/deps/sanitize-html.js?v=c92735b4:7887
[   67206ms] [WARNING] Module "fs" has been externalized for browser compatibility. Cannot access "fs.existsSync" in client code. See https://vite.dev/guide/troubleshooting.html#module-externalized-for-browser-compatibility for more details. @ http://localhost:3000/node_modules/.vite/deps/sanitize-html.js?v=c92735b4:7894
[   67206ms] [WARNING] Module "fs" has been externalized for browser compatibility. Cannot access "fs.readFileSync" in client code. See https://vite.dev/guide/troubleshooting.html#module-externalized-for-browser-compatibility for more details. @ http://localhost:3000/node_modules/.vite/deps/sanitize-html.js?v=c92735b4:7894
[   67206ms] [WARNING] Module "path" has been externalized for browser compatibility. Cannot access "path.dirname" in client code. See https://vite.dev/guide/troubleshooting.html#module-externalized-for-browser-compatibility for more details. @ http://localhost:3000/node_modules/.vite/deps/sanitize-html.js?v=c92735b4:7873
[   67207ms] [WARNING] Module "path" has been externalized for browser compatibility. Cannot access "path.join" in client code. See https://vite.dev/guide/troubleshooting.html#module-externalized-for-browser-compatibility for more details. @ http://localhost:3000/node_modules/.vite/deps/sanitize-html.js?v=c92735b4:7873
[   67207ms] [WARNING] Module "source-map-js" has been externalized for browser compatibility. Cannot access "source-map-js.SourceMapConsumer" in client code. See https://vite.dev/guide/troubleshooting.html#module-externalized-for-browser-compatibility for more details. @ http://localhost:3000/node_modules/.vite/deps/sanitize-html.js?v=c92735b4:7880
[   67207ms] [WARNING] Module "source-map-js" has been externalized for browser compatibility. Cannot access "source-map-js.SourceMapGenerator" in client code. See https://vite.dev/guide/troubleshooting.html#module-externalized-for-browser-compatibility for more details. @ http://localhost:3000/node_modules/.vite/deps/sanitize-html.js?v=c92735b4:7880
[   67207ms] [WARNING] Module "path" has been externalized for browser compatibility. Cannot access "path.dirname" in client code. See https://vite.dev/guide/troubleshooting.html#module-externalized-for-browser-compatibility for more details. @ http://localhost:3000/node_modules/.vite/deps/sanitize-html.js?v=c92735b4:7873
[   67207ms] [WARNING] Module "path" has been externalized for browser compatibility. Cannot access "path.relative" in client code. See https://vite.dev/guide/troubleshooting.html#module-externalized-for-browser-compatibility for more details. @ http://localhost:3000/node_modules/.vite/deps/sanitize-html.js?v=c92735b4:7873
[   67207ms] [WARNING] Module "path" has been externalized for browser compatibility. Cannot access "path.resolve" in client code. See https://vite.dev/guide/troubleshooting.html#module-externalized-for-browser-compatibility for more details. @ http://localhost:3000/node_modules/.vite/deps/sanitize-html.js?v=c92735b4:7873
[   67207ms] [WARNING] Module "path" has been externalized for browser compatibility. Cannot access "path.sep" in client code. See https://vite.dev/guide/troubleshooting.html#module-externalized-for-browser-compatibility for more details. @ http://localhost:3000/node_modules/.vite/deps/sanitize-html.js?v=c92735b4:7873
[   67207ms] [WARNING] Module "source-map-js" has been externalized for browser compatibility. Cannot access "source-map-js.SourceMapConsumer" in client code. See https://vite.dev/guide/troubleshooting.html#module-externalized-for-browser-compatibility for more details. @ http://localhost:3000/node_modules/.vite/deps/sanitize-html.js?v=c92735b4:7880
[   67207ms] [WARNING] Module "source-map-js" has been externalized for browser compatibility. Cannot access "source-map-js.SourceMapGenerator" in client code. See https://vite.dev/guide/troubleshooting.html#module-externalized-for-browser-compatibility for more details. @ http://localhost:3000/node_modules/.vite/deps/sanitize-html.js?v=c92735b4:7880
[   67207ms] [WARNING] Module "url" has been externalized for browser compatibility. Cannot access "url.pathToFileURL" in client code. See https://vite.dev/guide/troubleshooting.html#module-externalized-for-browser-compatibility for more details. @ http://localhost:3000/node_modules/.vite/deps/sanitize-html.js?v=c92735b4:7887
[   67216ms] TypeError: Cannot use 'in' operator to search for 'Symbol(TSS_SERVER_FUNCTION_FACTORY)' in undefined
    at http://localhost:3000/node_modules/@tanstack/start-client-core/dist/esm/createServerFn.js?v=73f685e7:23:37
    at Array.map (<anonymous>)
    at fun.middleware (http://localhost:3000/node_modules/@tanstack/start-client-core/dist/esm/createServerFn.js?v=73f685e7:22:15)
    at http://localhost:3000/src/components/layout/footer/newslatter.tsx:21:69
