[     290ms] [INFO] %cDownload the React DevTools for a better development experience: https://react.dev/link/react-devtools font-weight:bold @ http://localhost:3000/node_modules/.vite/deps/react-dom_client.js?v=758cd764:14337
[     308ms] [WARNING] Module "path" has been externalized for browser compatibility. Cannot access "path.isAbsolute" in client code. See https://vite.dev/guide/troubleshooting.html#module-externalized-for-browser-compatibility for more details. @ http://localhost:3000/node_modules/.vite/deps/browser-external_path-CI0xxjtx.js?v=758cd764:18
[     308ms] [WARNING] Module "path" has been externalized for browser compatibility. Cannot access "path.resolve" in client code. See https://vite.dev/guide/troubleshooting.html#module-externalized-for-browser-compatibility for more details. @ http://localhost:3000/node_modules/.vite/deps/browser-external_path-CI0xxjtx.js?v=758cd764:18
[     308ms] [WARNING] Module "source-map-js" has been externalized for browser compatibility. Cannot access "source-map-js.SourceMapConsumer" in client code. See https://vite.dev/guide/troubleshooting.html#module-externalized-for-browser-compatibility for more details. @ http://localhost:3000/node_modules/.vite/deps/sanitize-html.js?v=758cd764:7874
[     308ms] [WARNING] Module "source-map-js" has been externalized for browser compatibility. Cannot access "source-map-js.SourceMapGenerator" in client code. See https://vite.dev/guide/troubleshooting.html#module-externalized-for-browser-compatibility for more details. @ http://localhost:3000/node_modules/.vite/deps/sanitize-html.js?v=758cd764:7874
[     308ms] [WARNING] Module "url" has been externalized for browser compatibility. Cannot access "url.fileURLToPath" in client code. See https://vite.dev/guide/troubleshooting.html#module-externalized-for-browser-compatibility for more details. @ http://localhost:3000/node_modules/.vite/deps/browser-external_path-CI0xxjtx.js?v=758cd764:4
[     308ms] [WARNING] Module "url" has been externalized for browser compatibility. Cannot access "url.pathToFileURL" in client code. See https://vite.dev/guide/troubleshooting.html#module-externalized-for-browser-compatibility for more details. @ http://localhost:3000/node_modules/.vite/deps/browser-external_path-CI0xxjtx.js?v=758cd764:4
[     308ms] [WARNING] Module "fs" has been externalized for browser compatibility. Cannot access "fs.existsSync" in client code. See https://vite.dev/guide/troubleshooting.html#module-externalized-for-browser-compatibility for more details. @ http://localhost:3000/node_modules/.vite/deps/browser-external_path-CI0xxjtx.js?v=758cd764:11
[     308ms] [WARNING] Module "fs" has been externalized for browser compatibility. Cannot access "fs.readFileSync" in client code. See https://vite.dev/guide/troubleshooting.html#module-externalized-for-browser-compatibility for more details. @ http://localhost:3000/node_modules/.vite/deps/browser-external_path-CI0xxjtx.js?v=758cd764:11
[     308ms] [WARNING] Module "path" has been externalized for browser compatibility. Cannot access "path.dirname" in client code. See https://vite.dev/guide/troubleshooting.html#module-externalized-for-browser-compatibility for more details. @ http://localhost:3000/node_modules/.vite/deps/browser-external_path-CI0xxjtx.js?v=758cd764:18
[     308ms] [WARNING] Module "path" has been externalized for browser compatibility. Cannot access "path.join" in client code. See https://vite.dev/guide/troubleshooting.html#module-externalized-for-browser-compatibility for more details. @ http://localhost:3000/node_modules/.vite/deps/browser-external_path-CI0xxjtx.js?v=758cd764:18
[     308ms] [WARNING] Module "source-map-js" has been externalized for browser compatibility. Cannot access "source-map-js.SourceMapConsumer" in client code. See https://vite.dev/guide/troubleshooting.html#module-externalized-for-browser-compatibility for more details. @ http://localhost:3000/node_modules/.vite/deps/sanitize-html.js?v=758cd764:7874
[     308ms] [WARNING] Module "source-map-js" has been externalized for browser compatibility. Cannot access "source-map-js.SourceMapGenerator" in client code. See https://vite.dev/guide/troubleshooting.html#module-externalized-for-browser-compatibility for more details. @ http://localhost:3000/node_modules/.vite/deps/sanitize-html.js?v=758cd764:7874
[     308ms] [WARNING] Module "path" has been externalized for browser compatibility. Cannot access "path.dirname" in client code. See https://vite.dev/guide/troubleshooting.html#module-externalized-for-browser-compatibility for more details. @ http://localhost:3000/node_modules/.vite/deps/browser-external_path-CI0xxjtx.js?v=758cd764:18
[     308ms] [WARNING] Module "path" has been externalized for browser compatibility. Cannot access "path.relative" in client code. See https://vite.dev/guide/troubleshooting.html#module-externalized-for-browser-compatibility for more details. @ http://localhost:3000/node_modules/.vite/deps/browser-external_path-CI0xxjtx.js?v=758cd764:18
[     308ms] [WARNING] Module "path" has been externalized for browser compatibility. Cannot access "path.resolve" in client code. See https://vite.dev/guide/troubleshooting.html#module-externalized-for-browser-compatibility for more details. @ http://localhost:3000/node_modules/.vite/deps/browser-external_path-CI0xxjtx.js?v=758cd764:18
[     308ms] [WARNING] Module "path" has been externalized for browser compatibility. Cannot access "path.sep" in client code. See https://vite.dev/guide/troubleshooting.html#module-externalized-for-browser-compatibility for more details. @ http://localhost:3000/node_modules/.vite/deps/browser-external_path-CI0xxjtx.js?v=758cd764:18
[     309ms] [WARNING] Module "source-map-js" has been externalized for browser compatibility. Cannot access "source-map-js.SourceMapConsumer" in client code. See https://vite.dev/guide/troubleshooting.html#module-externalized-for-browser-compatibility for more details. @ http://localhost:3000/node_modules/.vite/deps/sanitize-html.js?v=758cd764:7874
[     309ms] [WARNING] Module "source-map-js" has been externalized for browser compatibility. Cannot access "source-map-js.SourceMapGenerator" in client code. See https://vite.dev/guide/troubleshooting.html#module-externalized-for-browser-compatibility for more details. @ http://localhost:3000/node_modules/.vite/deps/sanitize-html.js?v=758cd764:7874
[     309ms] [WARNING] Module "url" has been externalized for browser compatibility. Cannot access "url.pathToFileURL" in client code. See https://vite.dev/guide/troubleshooting.html#module-externalized-for-browser-compatibility for more details. @ http://localhost:3000/node_modules/.vite/deps/browser-external_path-CI0xxjtx.js?v=758cd764:4
[     314ms] TypeError: Cannot use 'in' operator to search for 'Symbol(TSS_SERVER_FUNCTION_FACTORY)' in undefined
    at http://localhost:3000/node_modules/@tanstack/start-client-core/dist/esm/createServerFn.js?v=758cd764:16:37
    at Array.map (<anonymous>)
    at fun.middleware (http://localhost:3000/node_modules/@tanstack/start-client-core/dist/esm/createServerFn.js?v=758cd764:15:15)
    at http://localhost:3000/src/lib/forms.ts:21:69
[   12288ms] [INFO] %cDownload the React DevTools for a better development experience: https://react.dev/link/react-devtools font-weight:bold @ http://localhost:3000/node_modules/.vite/deps/react-dom_client.js?v=758cd764:14337
[   12302ms] [WARNING] Module "path" has been externalized for browser compatibility. Cannot access "path.isAbsolute" in client code. See https://vite.dev/guide/troubleshooting.html#module-externalized-for-browser-compatibility for more details. @ http://localhost:3000/node_modules/.vite/deps/browser-external_path-CI0xxjtx.js?v=758cd764:18
[   12302ms] [WARNING] Module "path" has been externalized for browser compatibility. Cannot access "path.resolve" in client code. See https://vite.dev/guide/troubleshooting.html#module-externalized-for-browser-compatibility for more details. @ http://localhost:3000/node_modules/.vite/deps/browser-external_path-CI0xxjtx.js?v=758cd764:18
[   12302ms] [WARNING] Module "source-map-js" has been externalized for browser compatibility. Cannot access "source-map-js.SourceMapConsumer" in client code. See https://vite.dev/guide/troubleshooting.html#module-externalized-for-browser-compatibility for more details. @ http://localhost:3000/node_modules/.vite/deps/sanitize-html.js?v=758cd764:7874
[   12302ms] [WARNING] Module "source-map-js" has been externalized for browser compatibility. Cannot access "source-map-js.SourceMapGenerator" in client code. See https://vite.dev/guide/troubleshooting.html#module-externalized-for-browser-compatibility for more details. @ http://localhost:3000/node_modules/.vite/deps/sanitize-html.js?v=758cd764:7874
[   12302ms] [WARNING] Module "url" has been externalized for browser compatibility. Cannot access "url.fileURLToPath" in client code. See https://vite.dev/guide/troubleshooting.html#module-externalized-for-browser-compatibility for more details. @ http://localhost:3000/node_modules/.vite/deps/browser-external_path-CI0xxjtx.js?v=758cd764:4
[   12302ms] [WARNING] Module "url" has been externalized for browser compatibility. Cannot access "url.pathToFileURL" in client code. See https://vite.dev/guide/troubleshooting.html#module-externalized-for-browser-compatibility for more details. @ http://localhost:3000/node_modules/.vite/deps/browser-external_path-CI0xxjtx.js?v=758cd764:4
[   12302ms] [WARNING] Module "fs" has been externalized for browser compatibility. Cannot access "fs.existsSync" in client code. See https://vite.dev/guide/troubleshooting.html#module-externalized-for-browser-compatibility for more details. @ http://localhost:3000/node_modules/.vite/deps/browser-external_path-CI0xxjtx.js?v=758cd764:11
[   12302ms] [WARNING] Module "fs" has been externalized for browser compatibility. Cannot access "fs.readFileSync" in client code. See https://vite.dev/guide/troubleshooting.html#module-externalized-for-browser-compatibility for more details. @ http://localhost:3000/node_modules/.vite/deps/browser-external_path-CI0xxjtx.js?v=758cd764:11
[   12302ms] [WARNING] Module "path" has been externalized for browser compatibility. Cannot access "path.dirname" in client code. See https://vite.dev/guide/troubleshooting.html#module-externalized-for-browser-compatibility for more details. @ http://localhost:3000/node_modules/.vite/deps/browser-external_path-CI0xxjtx.js?v=758cd764:18
[   12302ms] [WARNING] Module "path" has been externalized for browser compatibility. Cannot access "path.join" in client code. See https://vite.dev/guide/troubleshooting.html#module-externalized-for-browser-compatibility for more details. @ http://localhost:3000/node_modules/.vite/deps/browser-external_path-CI0xxjtx.js?v=758cd764:18
[   12303ms] [WARNING] Module "source-map-js" has been externalized for browser compatibility. Cannot access "source-map-js.SourceMapConsumer" in client code. See https://vite.dev/guide/troubleshooting.html#module-externalized-for-browser-compatibility for more details. @ http://localhost:3000/node_modules/.vite/deps/sanitize-html.js?v=758cd764:7874
[   12303ms] [WARNING] Module "source-map-js" has been externalized for browser compatibility. Cannot access "source-map-js.SourceMapGenerator" in client code. See https://vite.dev/guide/troubleshooting.html#module-externalized-for-browser-compatibility for more details. @ http://localhost:3000/node_modules/.vite/deps/sanitize-html.js?v=758cd764:7874
[   12303ms] [WARNING] Module "path" has been externalized for browser compatibility. Cannot access "path.dirname" in client code. See https://vite.dev/guide/troubleshooting.html#module-externalized-for-browser-compatibility for more details. @ http://localhost:3000/node_modules/.vite/deps/browser-external_path-CI0xxjtx.js?v=758cd764:18
[   12303ms] [WARNING] Module "path" has been externalized for browser compatibility. Cannot access "path.relative" in client code. See https://vite.dev/guide/troubleshooting.html#module-externalized-for-browser-compatibility for more details. @ http://localhost:3000/node_modules/.vite/deps/browser-external_path-CI0xxjtx.js?v=758cd764:18
[   12303ms] [WARNING] Module "path" has been externalized for browser compatibility. Cannot access "path.resolve" in client code. See https://vite.dev/guide/troubleshooting.html#module-externalized-for-browser-compatibility for more details. @ http://localhost:3000/node_modules/.vite/deps/browser-external_path-CI0xxjtx.js?v=758cd764:18
[   12303ms] [WARNING] Module "path" has been externalized for browser compatibility. Cannot access "path.sep" in client code. See https://vite.dev/guide/troubleshooting.html#module-externalized-for-browser-compatibility for more details. @ http://localhost:3000/node_modules/.vite/deps/browser-external_path-CI0xxjtx.js?v=758cd764:18
[   12303ms] [WARNING] Module "source-map-js" has been externalized for browser compatibility. Cannot access "source-map-js.SourceMapConsumer" in client code. See https://vite.dev/guide/troubleshooting.html#module-externalized-for-browser-compatibility for more details. @ http://localhost:3000/node_modules/.vite/deps/sanitize-html.js?v=758cd764:7874
[   12303ms] [WARNING] Module "source-map-js" has been externalized for browser compatibility. Cannot access "source-map-js.SourceMapGenerator" in client code. See https://vite.dev/guide/troubleshooting.html#module-externalized-for-browser-compatibility for more details. @ http://localhost:3000/node_modules/.vite/deps/sanitize-html.js?v=758cd764:7874
[   12303ms] [WARNING] Module "url" has been externalized for browser compatibility. Cannot access "url.pathToFileURL" in client code. See https://vite.dev/guide/troubleshooting.html#module-externalized-for-browser-compatibility for more details. @ http://localhost:3000/node_modules/.vite/deps/browser-external_path-CI0xxjtx.js?v=758cd764:4
[   12308ms] TypeError: Cannot use 'in' operator to search for 'Symbol(TSS_SERVER_FUNCTION_FACTORY)' in undefined
    at http://localhost:3000/node_modules/@tanstack/start-client-core/dist/esm/createServerFn.js?v=758cd764:16:37
    at Array.map (<anonymous>)
    at fun.middleware (http://localhost:3000/node_modules/@tanstack/start-client-core/dist/esm/createServerFn.js?v=758cd764:15:15)
    at http://localhost:3000/src/lib/forms.ts:21:69
[  191410ms] [INFO] %cDownload the React DevTools for a better development experience: https://react.dev/link/react-devtools font-weight:bold @ http://localhost:3000/node_modules/.vite/deps/react-dom_client.js?v=758cd764:14337
[  191437ms] [WARNING] Module "path" has been externalized for browser compatibility. Cannot access "path.isAbsolute" in client code. See https://vite.dev/guide/troubleshooting.html#module-externalized-for-browser-compatibility for more details. @ http://localhost:3000/node_modules/.vite/deps/browser-external_path-CI0xxjtx.js?v=758cd764:18
[  191438ms] [WARNING] Module "path" has been externalized for browser compatibility. Cannot access "path.resolve" in client code. See https://vite.dev/guide/troubleshooting.html#module-externalized-for-browser-compatibility for more details. @ http://localhost:3000/node_modules/.vite/deps/browser-external_path-CI0xxjtx.js?v=758cd764:18
[  191438ms] [WARNING] Module "source-map-js" has been externalized for browser compatibility. Cannot access "source-map-js.SourceMapConsumer" in client code. See https://vite.dev/guide/troubleshooting.html#module-externalized-for-browser-compatibility for more details. @ http://localhost:3000/node_modules/.vite/deps/sanitize-html.js?v=758cd764:7874
[  191438ms] [WARNING] Module "source-map-js" has been externalized for browser compatibility. Cannot access "source-map-js.SourceMapGenerator" in client code. See https://vite.dev/guide/troubleshooting.html#module-externalized-for-browser-compatibility for more details. @ http://localhost:3000/node_modules/.vite/deps/sanitize-html.js?v=758cd764:7874
[  191438ms] [WARNING] Module "url" has been externalized for browser compatibility. Cannot access "url.fileURLToPath" in client code. See https://vite.dev/guide/troubleshooting.html#module-externalized-for-browser-compatibility for more details. @ http://localhost:3000/node_modules/.vite/deps/browser-external_path-CI0xxjtx.js?v=758cd764:4
[  191438ms] [WARNING] Module "url" has been externalized for browser compatibility. Cannot access "url.pathToFileURL" in client code. See https://vite.dev/guide/troubleshooting.html#module-externalized-for-browser-compatibility for more details. @ http://localhost:3000/node_modules/.vite/deps/browser-external_path-CI0xxjtx.js?v=758cd764:4
[  191438ms] [WARNING] Module "fs" has been externalized for browser compatibility. Cannot access "fs.existsSync" in client code. See https://vite.dev/guide/troubleshooting.html#module-externalized-for-browser-compatibility for more details. @ http://localhost:3000/node_modules/.vite/deps/browser-external_path-CI0xxjtx.js?v=758cd764:11
[  191438ms] [WARNING] Module "fs" has been externalized for browser compatibility. Cannot access "fs.readFileSync" in client code. See https://vite.dev/guide/troubleshooting.html#module-externalized-for-browser-compatibility for more details. @ http://localhost:3000/node_modules/.vite/deps/browser-external_path-CI0xxjtx.js?v=758cd764:11
[  191438ms] [WARNING] Module "path" has been externalized for browser compatibility. Cannot access "path.dirname" in client code. See https://vite.dev/guide/troubleshooting.html#module-externalized-for-browser-compatibility for more details. @ http://localhost:3000/node_modules/.vite/deps/browser-external_path-CI0xxjtx.js?v=758cd764:18
[  191438ms] [WARNING] Module "path" has been externalized for browser compatibility. Cannot access "path.join" in client code. See https://vite.dev/guide/troubleshooting.html#module-externalized-for-browser-compatibility for more details. @ http://localhost:3000/node_modules/.vite/deps/browser-external_path-CI0xxjtx.js?v=758cd764:18
[  191438ms] [WARNING] Module "source-map-js" has been externalized for browser compatibility. Cannot access "source-map-js.SourceMapConsumer" in client code. See https://vite.dev/guide/troubleshooting.html#module-externalized-for-browser-compatibility for more details. @ http://localhost:3000/node_modules/.vite/deps/sanitize-html.js?v=758cd764:7874
[  191438ms] [WARNING] Module "source-map-js" has been externalized for browser compatibility. Cannot access "source-map-js.SourceMapGenerator" in client code. See https://vite.dev/guide/troubleshooting.html#module-externalized-for-browser-compatibility for more details. @ http://localhost:3000/node_modules/.vite/deps/sanitize-html.js?v=758cd764:7874
[  191439ms] [WARNING] Module "path" has been externalized for browser compatibility. Cannot access "path.dirname" in client code. See https://vite.dev/guide/troubleshooting.html#module-externalized-for-browser-compatibility for more details. @ http://localhost:3000/node_modules/.vite/deps/browser-external_path-CI0xxjtx.js?v=758cd764:18
[  191439ms] [WARNING] Module "path" has been externalized for browser compatibility. Cannot access "path.relative" in client code. See https://vite.dev/guide/troubleshooting.html#module-externalized-for-browser-compatibility for more details. @ http://localhost:3000/node_modules/.vite/deps/browser-external_path-CI0xxjtx.js?v=758cd764:18
[  191439ms] [WARNING] Module "path" has been externalized for browser compatibility. Cannot access "path.resolve" in client code. See https://vite.dev/guide/troubleshooting.html#module-externalized-for-browser-compatibility for more details. @ http://localhost:3000/node_modules/.vite/deps/browser-external_path-CI0xxjtx.js?v=758cd764:18
[  191439ms] [WARNING] Module "path" has been externalized for browser compatibility. Cannot access "path.sep" in client code. See https://vite.dev/guide/troubleshooting.html#module-externalized-for-browser-compatibility for more details. @ http://localhost:3000/node_modules/.vite/deps/browser-external_path-CI0xxjtx.js?v=758cd764:18
[  191439ms] [WARNING] Module "source-map-js" has been externalized for browser compatibility. Cannot access "source-map-js.SourceMapConsumer" in client code. See https://vite.dev/guide/troubleshooting.html#module-externalized-for-browser-compatibility for more details. @ http://localhost:3000/node_modules/.vite/deps/sanitize-html.js?v=758cd764:7874
[  191439ms] [WARNING] Module "source-map-js" has been externalized for browser compatibility. Cannot access "source-map-js.SourceMapGenerator" in client code. See https://vite.dev/guide/troubleshooting.html#module-externalized-for-browser-compatibility for more details. @ http://localhost:3000/node_modules/.vite/deps/sanitize-html.js?v=758cd764:7874
[  191439ms] [WARNING] Module "url" has been externalized for browser compatibility. Cannot access "url.pathToFileURL" in client code. See https://vite.dev/guide/troubleshooting.html#module-externalized-for-browser-compatibility for more details. @ http://localhost:3000/node_modules/.vite/deps/browser-external_path-CI0xxjtx.js?v=758cd764:4
[  191448ms] TypeError: Cannot use 'in' operator to search for 'Symbol(TSS_SERVER_FUNCTION_FACTORY)' in undefined
    at http://localhost:3000/node_modules/@tanstack/start-client-core/dist/esm/createServerFn.js?v=758cd764:16:37
    at Array.map (<anonymous>)
    at fun.middleware (http://localhost:3000/node_modules/@tanstack/start-client-core/dist/esm/createServerFn.js?v=758cd764:15:15)
    at http://localhost:3000/src/lib/forms.ts:21:69
