[     285ms] [INFO] %cDownload the React DevTools for a better development experience: https://react.dev/link/react-devtools font-weight:bold @ http://localhost:3000/node_modules/.vite/deps/react-dom_client.js?v=758cd764:14337
[     298ms] [WARNING] Module "path" has been externalized for browser compatibility. Cannot access "path.isAbsolute" in client code. See https://vite.dev/guide/troubleshooting.html#module-externalized-for-browser-compatibility for more details. @ http://localhost:3000/node_modules/.vite/deps/browser-external_path-CI0xxjtx.js?v=758cd764:18
[     299ms] [WARNING] Module "path" has been externalized for browser compatibility. Cannot access "path.resolve" in client code. See https://vite.dev/guide/troubleshooting.html#module-externalized-for-browser-compatibility for more details. @ http://localhost:3000/node_modules/.vite/deps/browser-external_path-CI0xxjtx.js?v=758cd764:18
[     299ms] [WARNING] Module "source-map-js" has been externalized for browser compatibility. Cannot access "source-map-js.SourceMapConsumer" in client code. See https://vite.dev/guide/troubleshooting.html#module-externalized-for-browser-compatibility for more details. @ http://localhost:3000/node_modules/.vite/deps/sanitize-html.js?v=758cd764:7874
[     299ms] [WARNING] Module "source-map-js" has been externalized for browser compatibility. Cannot access "source-map-js.SourceMapGenerator" in client code. See https://vite.dev/guide/troubleshooting.html#module-externalized-for-browser-compatibility for more details. @ http://localhost:3000/node_modules/.vite/deps/sanitize-html.js?v=758cd764:7874
[     299ms] [WARNING] Module "url" has been externalized for browser compatibility. Cannot access "url.fileURLToPath" in client code. See https://vite.dev/guide/troubleshooting.html#module-externalized-for-browser-compatibility for more details. @ http://localhost:3000/node_modules/.vite/deps/browser-external_path-CI0xxjtx.js?v=758cd764:4
[     299ms] [WARNING] Module "url" has been externalized for browser compatibility. Cannot access "url.pathToFileURL" in client code. See https://vite.dev/guide/troubleshooting.html#module-externalized-for-browser-compatibility for more details. @ http://localhost:3000/node_modules/.vite/deps/browser-external_path-CI0xxjtx.js?v=758cd764:4
[     299ms] [WARNING] Module "fs" has been externalized for browser compatibility. Cannot access "fs.existsSync" in client code. See https://vite.dev/guide/troubleshooting.html#module-externalized-for-browser-compatibility for more details. @ http://localhost:3000/node_modules/.vite/deps/browser-external_path-CI0xxjtx.js?v=758cd764:11
[     299ms] [WARNING] Module "fs" has been externalized for browser compatibility. Cannot access "fs.readFileSync" in client code. See https://vite.dev/guide/troubleshooting.html#module-externalized-for-browser-compatibility for more details. @ http://localhost:3000/node_modules/.vite/deps/browser-external_path-CI0xxjtx.js?v=758cd764:11
[     299ms] [WARNING] Module "path" has been externalized for browser compatibility. Cannot access "path.dirname" in client code. See https://vite.dev/guide/troubleshooting.html#module-externalized-for-browser-compatibility for more details. @ http://localhost:3000/node_modules/.vite/deps/browser-external_path-CI0xxjtx.js?v=758cd764:18
[     299ms] [WARNING] Module "path" has been externalized for browser compatibility. Cannot access "path.join" in client code. See https://vite.dev/guide/troubleshooting.html#module-externalized-for-browser-compatibility for more details. @ http://localhost:3000/node_modules/.vite/deps/browser-external_path-CI0xxjtx.js?v=758cd764:18
[     299ms] [WARNING] Module "source-map-js" has been externalized for browser compatibility. Cannot access "source-map-js.SourceMapConsumer" in client code. See https://vite.dev/guide/troubleshooting.html#module-externalized-for-browser-compatibility for more details. @ http://localhost:3000/node_modules/.vite/deps/sanitize-html.js?v=758cd764:7874
[     299ms] [WARNING] Module "source-map-js" has been externalized for browser compatibility. Cannot access "source-map-js.SourceMapGenerator" in client code. See https://vite.dev/guide/troubleshooting.html#module-externalized-for-browser-compatibility for more details. @ http://localhost:3000/node_modules/.vite/deps/sanitize-html.js?v=758cd764:7874
[     299ms] [WARNING] Module "path" has been externalized for browser compatibility. Cannot access "path.dirname" in client code. See https://vite.dev/guide/troubleshooting.html#module-externalized-for-browser-compatibility for more details. @ http://localhost:3000/node_modules/.vite/deps/browser-external_path-CI0xxjtx.js?v=758cd764:18
[     299ms] [WARNING] Module "path" has been externalized for browser compatibility. Cannot access "path.relative" in client code. See https://vite.dev/guide/troubleshooting.html#module-externalized-for-browser-compatibility for more details. @ http://localhost:3000/node_modules/.vite/deps/browser-external_path-CI0xxjtx.js?v=758cd764:18
[     300ms] [WARNING] Module "path" has been externalized for browser compatibility. Cannot access "path.resolve" in client code. See https://vite.dev/guide/troubleshooting.html#module-externalized-for-browser-compatibility for more details. @ http://localhost:3000/node_modules/.vite/deps/browser-external_path-CI0xxjtx.js?v=758cd764:18
[     300ms] [WARNING] Module "path" has been externalized for browser compatibility. Cannot access "path.sep" in client code. See https://vite.dev/guide/troubleshooting.html#module-externalized-for-browser-compatibility for more details. @ http://localhost:3000/node_modules/.vite/deps/browser-external_path-CI0xxjtx.js?v=758cd764:18
[     300ms] [WARNING] Module "source-map-js" has been externalized for browser compatibility. Cannot access "source-map-js.SourceMapConsumer" in client code. See https://vite.dev/guide/troubleshooting.html#module-externalized-for-browser-compatibility for more details. @ http://localhost:3000/node_modules/.vite/deps/sanitize-html.js?v=758cd764:7874
[     300ms] [WARNING] Module "source-map-js" has been externalized for browser compatibility. Cannot access "source-map-js.SourceMapGenerator" in client code. See https://vite.dev/guide/troubleshooting.html#module-externalized-for-browser-compatibility for more details. @ http://localhost:3000/node_modules/.vite/deps/sanitize-html.js?v=758cd764:7874
[     300ms] [WARNING] Module "url" has been externalized for browser compatibility. Cannot access "url.pathToFileURL" in client code. See https://vite.dev/guide/troubleshooting.html#module-externalized-for-browser-compatibility for more details. @ http://localhost:3000/node_modules/.vite/deps/browser-external_path-CI0xxjtx.js?v=758cd764:4
[     305ms] TypeError: Cannot use 'in' operator to search for 'Symbol(TSS_SERVER_FUNCTION_FACTORY)' in undefined
    at http://localhost:3000/node_modules/@tanstack/start-client-core/dist/esm/createServerFn.js?v=758cd764:16:37
    at Array.map (<anonymous>)
    at fun.middleware (http://localhost:3000/node_modules/@tanstack/start-client-core/dist/esm/createServerFn.js?v=758cd764:15:15)
    at http://localhost:3000/src/lib/forms.ts:21:69
[   30550ms] [LOG] [vite] server connection lost. Polling for restart... @ http://localhost:3000/@vite/client:992
[   30551ms] [ERROR] Creating a worker from 'blob:http://localhost:3000/98ebc52d-048e-4c65-b16a-4106315d3bc5' violates the following Content Security Policy directive: "script-src 'self' 'unsafe-eval' 'unsafe-inline' https://va.vercel-scripts.com". Note that 'worker-src' was not explicitly set, so 'script-src' is used as a fallback. The action has been blocked. @ http://localhost:3000/@vite/client:1062
