[     340ms] [ERROR] WebSocket connection to 'ws://localhost:3000/?token=D-S--n6F-axv' failed:  @ http://localhost:3000/@vite/client:864
[     387ms] [ERROR] WebSocket connection to 'ws://localhost:3000/?token=D-S--n6F-axv' failed:  @ http://localhost:3000/@vite/client:874
[     388ms] [ERROR] [vite] failed to connect to websocket.
your current setup:
  (browser) localhost:3000/ <--[HTTP]--> localhost:3000/ (server)
  (browser) localhost:3000/ <--[WebSocket (failing)]--> localhost:3000/ (server)
Check out your Vite / network configuration and https://vite.dev/config/server-options.html#server-hmr . @ http://localhost:3000/@vite/client:524
[     389ms] [ERROR] Failed to send error to Vite server: TypeError: Cannot read properties of undefined (reading 'send')
    at Object.send (http://localhost:3000/@vite/client:444:7)
    at Object.send (http://localhost:3000/@vite/client:900:16)
    at Object.send (http://localhost:3000/@vite/client:307:21)
    at Object.send (http://localhost:3000/@vite/client:385:30)
    at sendError (http://localhost:3000/@vite/client:486:19)
    at sendLog (http://localhost:3000/@vite/client:514:11) @ http://localhost:3000/@vite/client:515
[    1691ms] [INFO] %cDownload the React DevTools for a better development experience: https://react.dev/link/react-devtools font-weight:bold @ http://localhost:3000/node_modules/.vite/deps/react-dom_client.js?v=e9b8b4aa:14337
[    1750ms] [WARNING] Module "path" has been externalized for browser compatibility. Cannot access "path.isAbsolute" in client code. See https://vite.dev/guide/troubleshooting.html#module-externalized-for-browser-compatibility for more details. @ http://localhost:3000/@vite/client:524
[    1751ms] [WARNING] Module "path" has been externalized for browser compatibility. Cannot access "path.resolve" in client code. See https://vite.dev/guide/troubleshooting.html#module-externalized-for-browser-compatibility for more details. @ http://localhost:3000/@vite/client:524
[    1751ms] [WARNING] Module "source-map-js" has been externalized for browser compatibility. Cannot access "source-map-js.SourceMapConsumer" in client code. See https://vite.dev/guide/troubleshooting.html#module-externalized-for-browser-compatibility for more details. @ http://localhost:3000/@vite/client:524
[    1751ms] [WARNING] Module "source-map-js" has been externalized for browser compatibility. Cannot access "source-map-js.SourceMapGenerator" in client code. See https://vite.dev/guide/troubleshooting.html#module-externalized-for-browser-compatibility for more details. @ http://localhost:3000/@vite/client:524
[    1751ms] [WARNING] Module "url" has been externalized for browser compatibility. Cannot access "url.fileURLToPath" in client code. See https://vite.dev/guide/troubleshooting.html#module-externalized-for-browser-compatibility for more details. @ http://localhost:3000/@vite/client:524
[    1751ms] [WARNING] Module "url" has been externalized for browser compatibility. Cannot access "url.pathToFileURL" in client code. See https://vite.dev/guide/troubleshooting.html#module-externalized-for-browser-compatibility for more details. @ http://localhost:3000/@vite/client:524
[    1751ms] [WARNING] Module "fs" has been externalized for browser compatibility. Cannot access "fs.existsSync" in client code. See https://vite.dev/guide/troubleshooting.html#module-externalized-for-browser-compatibility for more details. @ http://localhost:3000/@vite/client:524
[    1752ms] [WARNING] Module "fs" has been externalized for browser compatibility. Cannot access "fs.readFileSync" in client code. See https://vite.dev/guide/troubleshooting.html#module-externalized-for-browser-compatibility for more details. @ http://localhost:3000/@vite/client:524
[    1752ms] [WARNING] Module "path" has been externalized for browser compatibility. Cannot access "path.dirname" in client code. See https://vite.dev/guide/troubleshooting.html#module-externalized-for-browser-compatibility for more details. @ http://localhost:3000/@vite/client:524
[    1752ms] [WARNING] Module "path" has been externalized for browser compatibility. Cannot access "path.join" in client code. See https://vite.dev/guide/troubleshooting.html#module-externalized-for-browser-compatibility for more details. @ http://localhost:3000/@vite/client:524
[    1752ms] [WARNING] Module "source-map-js" has been externalized for browser compatibility. Cannot access "source-map-js.SourceMapConsumer" in client code. See https://vite.dev/guide/troubleshooting.html#module-externalized-for-browser-compatibility for more details. @ http://localhost:3000/@vite/client:524
[    1752ms] [WARNING] Module "source-map-js" has been externalized for browser compatibility. Cannot access "source-map-js.SourceMapGenerator" in client code. See https://vite.dev/guide/troubleshooting.html#module-externalized-for-browser-compatibility for more details. @ http://localhost:3000/@vite/client:524
[    1753ms] [WARNING] Module "path" has been externalized for browser compatibility. Cannot access "path.dirname" in client code. See https://vite.dev/guide/troubleshooting.html#module-externalized-for-browser-compatibility for more details. @ http://localhost:3000/@vite/client:524
[    1754ms] [WARNING] Module "path" has been externalized for browser compatibility. Cannot access "path.relative" in client code. See https://vite.dev/guide/troubleshooting.html#module-externalized-for-browser-compatibility for more details. @ http://localhost:3000/@vite/client:524
[    1754ms] [WARNING] Module "path" has been externalized for browser compatibility. Cannot access "path.resolve" in client code. See https://vite.dev/guide/troubleshooting.html#module-externalized-for-browser-compatibility for more details. @ http://localhost:3000/@vite/client:524
[    1754ms] [WARNING] Module "path" has been externalized for browser compatibility. Cannot access "path.sep" in client code. See https://vite.dev/guide/troubleshooting.html#module-externalized-for-browser-compatibility for more details. @ http://localhost:3000/@vite/client:524
[    1754ms] [WARNING] Module "source-map-js" has been externalized for browser compatibility. Cannot access "source-map-js.SourceMapConsumer" in client code. See https://vite.dev/guide/troubleshooting.html#module-externalized-for-browser-compatibility for more details. @ http://localhost:3000/@vite/client:524
[    1754ms] [WARNING] Module "source-map-js" has been externalized for browser compatibility. Cannot access "source-map-js.SourceMapGenerator" in client code. See https://vite.dev/guide/troubleshooting.html#module-externalized-for-browser-compatibility for more details. @ http://localhost:3000/@vite/client:524
[    1754ms] [WARNING] Module "url" has been externalized for browser compatibility. Cannot access "url.pathToFileURL" in client code. See https://vite.dev/guide/troubleshooting.html#module-externalized-for-browser-compatibility for more details. @ http://localhost:3000/@vite/client:524
[    1769ms] [ERROR] Failed to send error to Vite server: TypeError: Cannot read properties of undefined (reading 'send')
    at Object.send (http://localhost:3000/@vite/client:444:7)
    at Object.send (http://localhost:3000/@vite/client:900:16)
    at Object.send (http://localhost:3000/@vite/client:307:21)
    at Object.send (http://localhost:3000/@vite/client:385:30)
    at sendError (http://localhost:3000/@vite/client:486:19)
    at sendLog (http://localhost:3000/@vite/client:514:11) @ http://localhost:3000/@vite/client:515
[    1770ms] [ERROR] Failed to send error to Vite server: TypeError: Cannot read properties of undefined (reading 'send')
    at Object.send (http://localhost:3000/@vite/client:444:7)
    at Object.send (http://localhost:3000/@vite/client:900:16)
    at Object.send (http://localhost:3000/@vite/client:307:21)
    at Object.send (http://localhost:3000/@vite/client:385:30)
    at sendError (http://localhost:3000/@vite/client:486:19)
    at sendLog (http://localhost:3000/@vite/client:514:11) @ http://localhost:3000/@vite/client:515
[    1770ms] [ERROR] Failed to send error to Vite server: TypeError: Cannot read properties of undefined (reading 'send')
    at Object.send (http://localhost:3000/@vite/client:444:7)
    at Object.send (http://localhost:3000/@vite/client:900:16)
    at Object.send (http://localhost:3000/@vite/client:307:21)
    at Object.send (http://localhost:3000/@vite/client:385:30)
    at sendError (http://localhost:3000/@vite/client:486:19)
    at sendLog (http://localhost:3000/@vite/client:514:11) @ http://localhost:3000/@vite/client:515
[    1770ms] [ERROR] Failed to send error to Vite server: TypeError: Cannot read properties of undefined (reading 'send')
    at Object.send (http://localhost:3000/@vite/client:444:7)
    at Object.send (http://localhost:3000/@vite/client:900:16)
    at Object.send (http://localhost:3000/@vite/client:307:21)
    at Object.send (http://localhost:3000/@vite/client:385:30)
    at sendError (http://localhost:3000/@vite/client:486:19)
    at sendLog (http://localhost:3000/@vite/client:514:11) @ http://localhost:3000/@vite/client:515
[    1770ms] [ERROR] Failed to send error to Vite server: TypeError: Cannot read properties of undefined (reading 'send')
    at Object.send (http://localhost:3000/@vite/client:444:7)
    at Object.send (http://localhost:3000/@vite/client:900:16)
    at Object.send (http://localhost:3000/@vite/client:307:21)
    at Object.send (http://localhost:3000/@vite/client:385:30)
    at sendError (http://localhost:3000/@vite/client:486:19)
    at sendLog (http://localhost:3000/@vite/client:514:11) @ http://localhost:3000/@vite/client:515
[    1770ms] [ERROR] Failed to send error to Vite server: TypeError: Cannot read properties of undefined (reading 'send')
    at Object.send (http://localhost:3000/@vite/client:444:7)
    at Object.send (http://localhost:3000/@vite/client:900:16)
    at Object.send (http://localhost:3000/@vite/client:307:21)
    at Object.send (http://localhost:3000/@vite/client:385:30)
    at sendError (http://localhost:3000/@vite/client:486:19)
    at sendLog (http://localhost:3000/@vite/client:514:11) @ http://localhost:3000/@vite/client:515
[    1770ms] [ERROR] Failed to send error to Vite server: TypeError: Cannot read properties of undefined (reading 'send')
    at Object.send (http://localhost:3000/@vite/client:444:7)
    at Object.send (http://localhost:3000/@vite/client:900:16)
    at Object.send (http://localhost:3000/@vite/client:307:21)
    at Object.send (http://localhost:3000/@vite/client:385:30)
    at sendError (http://localhost:3000/@vite/client:486:19)
    at sendLog (http://localhost:3000/@vite/client:514:11) @ http://localhost:3000/@vite/client:515
[    1771ms] [ERROR] Failed to send error to Vite server: TypeError: Cannot read properties of undefined (reading 'send')
    at Object.send (http://localhost:3000/@vite/client:444:7)
    at Object.send (http://localhost:3000/@vite/client:900:16)
    at Object.send (http://localhost:3000/@vite/client:307:21)
    at Object.send (http://localhost:3000/@vite/client:385:30)
    at sendError (http://localhost:3000/@vite/client:486:19)
    at sendLog (http://localhost:3000/@vite/client:514:11) @ http://localhost:3000/@vite/client:515
[    1771ms] [ERROR] Failed to send error to Vite server: TypeError: Cannot read properties of undefined (reading 'send')
    at Object.send (http://localhost:3000/@vite/client:444:7)
    at Object.send (http://localhost:3000/@vite/client:900:16)
    at Object.send (http://localhost:3000/@vite/client:307:21)
    at Object.send (http://localhost:3000/@vite/client:385:30)
    at sendError (http://localhost:3000/@vite/client:486:19)
    at sendLog (http://localhost:3000/@vite/client:514:11) @ http://localhost:3000/@vite/client:515
[    1771ms] [ERROR] Failed to send error to Vite server: TypeError: Cannot read properties of undefined (reading 'send')
    at Object.send (http://localhost:3000/@vite/client:444:7)
    at Object.send (http://localhost:3000/@vite/client:900:16)
    at Object.send (http://localhost:3000/@vite/client:307:21)
    at Object.send (http://localhost:3000/@vite/client:385:30)
    at sendError (http://localhost:3000/@vite/client:486:19)
    at sendLog (http://localhost:3000/@vite/client:514:11) @ http://localhost:3000/@vite/client:515
[    1771ms] [ERROR] Failed to send error to Vite server: TypeError: Cannot read properties of undefined (reading 'send')
    at Object.send (http://localhost:3000/@vite/client:444:7)
    at Object.send (http://localhost:3000/@vite/client:900:16)
    at Object.send (http://localhost:3000/@vite/client:307:21)
    at Object.send (http://localhost:3000/@vite/client:385:30)
    at sendError (http://localhost:3000/@vite/client:486:19)
    at sendLog (http://localhost:3000/@vite/client:514:11) @ http://localhost:3000/@vite/client:515
[    1771ms] [ERROR] Failed to send error to Vite server: TypeError: Cannot read properties of undefined (reading 'send')
    at Object.send (http://localhost:3000/@vite/client:444:7)
    at Object.send (http://localhost:3000/@vite/client:900:16)
    at Object.send (http://localhost:3000/@vite/client:307:21)
    at Object.send (http://localhost:3000/@vite/client:385:30)
    at sendError (http://localhost:3000/@vite/client:486:19)
    at sendLog (http://localhost:3000/@vite/client:514:11) @ http://localhost:3000/@vite/client:515
[    1771ms] [ERROR] Failed to send error to Vite server: TypeError: Cannot read properties of undefined (reading 'send')
    at Object.send (http://localhost:3000/@vite/client:444:7)
    at Object.send (http://localhost:3000/@vite/client:900:16)
    at Object.send (http://localhost:3000/@vite/client:307:21)
    at Object.send (http://localhost:3000/@vite/client:385:30)
    at sendError (http://localhost:3000/@vite/client:486:19)
    at sendLog (http://localhost:3000/@vite/client:514:11) @ http://localhost:3000/@vite/client:515
[    1771ms] [ERROR] Failed to send error to Vite server: TypeError: Cannot read properties of undefined (reading 'send')
    at Object.send (http://localhost:3000/@vite/client:444:7)
    at Object.send (http://localhost:3000/@vite/client:900:16)
    at Object.send (http://localhost:3000/@vite/client:307:21)
    at Object.send (http://localhost:3000/@vite/client:385:30)
    at sendError (http://localhost:3000/@vite/client:486:19)
    at sendLog (http://localhost:3000/@vite/client:514:11) @ http://localhost:3000/@vite/client:515
[    1771ms] [ERROR] Failed to send error to Vite server: TypeError: Cannot read properties of undefined (reading 'send')
    at Object.send (http://localhost:3000/@vite/client:444:7)
    at Object.send (http://localhost:3000/@vite/client:900:16)
    at Object.send (http://localhost:3000/@vite/client:307:21)
    at Object.send (http://localhost:3000/@vite/client:385:30)
    at sendError (http://localhost:3000/@vite/client:486:19)
    at sendLog (http://localhost:3000/@vite/client:514:11) @ http://localhost:3000/@vite/client:515
[    1771ms] [ERROR] Failed to send error to Vite server: TypeError: Cannot read properties of undefined (reading 'send')
    at Object.send (http://localhost:3000/@vite/client:444:7)
    at Object.send (http://localhost:3000/@vite/client:900:16)
    at Object.send (http://localhost:3000/@vite/client:307:21)
    at Object.send (http://localhost:3000/@vite/client:385:30)
    at sendError (http://localhost:3000/@vite/client:486:19)
    at sendLog (http://localhost:3000/@vite/client:514:11) @ http://localhost:3000/@vite/client:515
[    1771ms] [ERROR] Failed to send error to Vite server: TypeError: Cannot read properties of undefined (reading 'send')
    at Object.send (http://localhost:3000/@vite/client:444:7)
    at Object.send (http://localhost:3000/@vite/client:900:16)
    at Object.send (http://localhost:3000/@vite/client:307:21)
    at Object.send (http://localhost:3000/@vite/client:385:30)
    at sendError (http://localhost:3000/@vite/client:486:19)
    at sendLog (http://localhost:3000/@vite/client:514:11) @ http://localhost:3000/@vite/client:515
[    1772ms] [ERROR] Failed to send error to Vite server: TypeError: Cannot read properties of undefined (reading 'send')
    at Object.send (http://localhost:3000/@vite/client:444:7)
    at Object.send (http://localhost:3000/@vite/client:900:16)
    at Object.send (http://localhost:3000/@vite/client:307:21)
    at Object.send (http://localhost:3000/@vite/client:385:30)
    at sendError (http://localhost:3000/@vite/client:486:19)
    at sendLog (http://localhost:3000/@vite/client:514:11) @ http://localhost:3000/@vite/client:515
[    1772ms] [ERROR] Failed to send error to Vite server: TypeError: Cannot read properties of undefined (reading 'send')
    at Object.send (http://localhost:3000/@vite/client:444:7)
    at Object.send (http://localhost:3000/@vite/client:900:16)
    at Object.send (http://localhost:3000/@vite/client:307:21)
    at Object.send (http://localhost:3000/@vite/client:385:30)
    at sendError (http://localhost:3000/@vite/client:486:19)
    at sendLog (http://localhost:3000/@vite/client:514:11) @ http://localhost:3000/@vite/client:515
[    1776ms] TypeError: Cannot use 'in' operator to search for 'Symbol(TSS_SERVER_FUNCTION_FACTORY)' in undefined
    at http://localhost:3000/node_modules/@tanstack/start-client-core/dist/esm/createServerFn.js?v=73f685e7:23:37
    at Array.map (<anonymous>)
    at fun.middleware (http://localhost:3000/node_modules/@tanstack/start-client-core/dist/esm/createServerFn.js?v=73f685e7:22:15)
    at http://localhost:3000/src/components/layout/footer/newslatter.tsx:21:69
[    1772ms] [ERROR] Failed to send error to Vite server: TypeError: Cannot read properties of undefined (reading 'send')
    at Object.send (http://localhost:3000/@vite/client:444:7)
    at Object.send (http://localhost:3000/@vite/client:900:16)
    at Object.send (http://localhost:3000/@vite/client:307:21)
    at Object.send (http://localhost:3000/@vite/client:385:30)
    at sendError (http://localhost:3000/@vite/client:486:19)
    at http://localhost:3000/@vite/client:533:11 @ http://localhost:3000/@vite/client:534
